// Jest Snapshot v1, https://goo.gl/fbAQLP

exports[`Tests different renders of the <Renderer /> component test 1 1`] = `"<div class=\\"MuiBox-root css-jgwz4o\\"><div class=\\"MuiDataGrid-root MuiDataGrid-autoHeight MuiDataGrid-root--densityStandard css-gzx9y2-MuiDataGrid-root\\" role=\\"grid\\" aria-colcount=\\"2\\" aria-rowcount=\\"4\\" aria-multiselectable=\\"false\\"><div class=\\"MuiDataGrid-main css-204u17-MuiDataGrid-main\\"><div class=\\"MuiDataGrid-overlay css-f7tavo-MuiDataGrid-overlay\\">root.getElementById is not a function</div></div></div></div>"`;
