// Jest Snapshot v1, https://goo.gl/fbAQLP

exports[`Renders <ReadForm /> component renders the ReadForm component 1`] = `"<div class=\\"MuiGrid-root MuiGrid-container MuiGrid-spacing-xs-4 css-480o17-MuiGrid-root\\"><div class=\\"MuiGrid-root MuiGrid-item MuiGrid-grid-xs-12 MuiGrid-grid-sm-12 MuiGrid-grid-md-12 MuiGrid-grid-lg-12 css-1idn90j-MuiGrid-root\\"><div class=\\"MuiPaper-root MuiPaper-elevation MuiPaper-rounded MuiPaper-elevation1 css-fitgaq-MuiPaper-root\\"><h3>Mock Title</h3><p>Mock Value</p></div></div><div class=\\"MuiGrid-root MuiGrid-item MuiGrid-grid-xs-12 MuiGrid-grid-sm-12 MuiGrid-grid-md-6 MuiGrid-grid-lg-6 css-1fyyp8j-MuiGrid-root\\"><div class=\\"MuiPaper-root MuiPaper-elevation MuiPaper-rounded MuiPaper-elevation1 css-fitgaq-MuiPaper-root\\"><h3>Mock Title 2</h3><p>2</p></div></div></div>"`;

exports[`Renders <ReadForm /> component renders the ReadForm component 2`] = `"<div class=\\"MuiGrid-root MuiGrid-container MuiGrid-spacing-xs-4 css-480o17-MuiGrid-root\\"><div class=\\"MuiGrid-root MuiGrid-item MuiGrid-grid-xs-12 MuiGrid-grid-sm-12 MuiGrid-grid-md-12 MuiGrid-grid-lg-12 css-1idn90j-MuiGrid-root\\"><div class=\\"MuiPaper-root MuiPaper-elevation MuiPaper-rounded MuiPaper-elevation1 css-fitgaq-MuiPaper-root\\"><h3>Mock Title</h3><p>Mock Value</p></div></div><div class=\\"MuiGrid-root MuiGrid-item MuiGrid-grid-xs-12 MuiGrid-grid-sm-12 MuiGrid-grid-md-6 MuiGrid-grid-lg-6 css-1fyyp8j-MuiGrid-root\\"><div class=\\"MuiPaper-root MuiPaper-elevation MuiPaper-rounded MuiPaper-elevation1 css-fitgaq-MuiPaper-root\\"><h3>Mock Title 2</h3><p>2</p></div></div></div>"`;
