// Jest Snapshot v1, https://goo.gl/fbAQLP

exports[`Renders <ReadForm /> component renders the ReadForm component 1`] = `"<span class=\\"MuiLinearProgress-root MuiLinearProgress-colorPrimary MuiLinearProgress-indeterminate css-eglki6-MuiLinearProgress-root\\" role=\\"progressbar\\"><span class=\\"MuiLinearProgress-bar MuiLinearProgress-barColorPrimary MuiLinearProgress-bar1Indeterminate css-5ir5xx-MuiLinearProgress-bar1\\"></span><span class=\\"MuiLinearProgress-bar MuiLinearProgress-barColorPrimary MuiLinearProgress-bar2Indeterminate css-1r8wrcl-MuiLinearProgress-bar2\\"></span></span>"`;

exports[`Tests different renders of the <Renderer /> component Tries to snapshot test the Renderer component 1`] = `"<span class=\\"MuiLinearProgress-root MuiLinearProgress-colorPrimary MuiLinearProgress-indeterminate css-eglki6-MuiLinearProgress-root\\" role=\\"progressbar\\"><span class=\\"MuiLinearProgress-bar MuiLinearProgress-barColorPrimary MuiLinearProgress-bar1Indeterminate css-5ir5xx-MuiLinearProgress-bar1\\"></span><span class=\\"MuiLinearProgress-bar MuiLinearProgress-barColorPrimary MuiLinearProgress-bar2Indeterminate css-1r8wrcl-MuiLinearProgress-bar2\\"></span></span>"`;
